Archive member included because of file (symbol)

c:/winavr-20100110/bin/../lib/gcc/avr/4.3.3/avr5\libgcc.a(_udivmodqi4.o)
                              ./MCAL/EF_UART.o (__udivmodqi4)
c:/winavr-20100110/bin/../lib/gcc/avr/4.3.3/avr5\libgcc.a(_udivmodhi4.o)
                              ./MCAL/EF_UART.o (__udivmodhi4)
c:/winavr-20100110/bin/../lib/gcc/avr/4.3.3/avr5\libgcc.a(_divmodhi4.o)
                              ./MCAL/EF_PWM.o (__divmodhi4)
c:/winavr-20100110/bin/../lib/gcc/avr/4.3.3/avr5\libgcc.a(_udivmodsi4.o)
                              ./MCAL/EF_UART.o (__udivmodsi4)
c:/winavr-20100110/bin/../lib/gcc/avr/4.3.3/avr5\libgcc.a(_exit.o)
                              c:/winavr-20100110/bin/../lib/gcc/avr/4.3.3/../../../../avr/lib/avr5/crtm32.o (exit)
c:/winavr-20100110/bin/../lib/gcc/avr/4.3.3/avr5\libgcc.a(_copy_data.o)
                              ./MCAL/EF_UART.o (__do_copy_data)
c:/winavr-20100110/bin/../lib/gcc/avr/4.3.3/avr5\libgcc.a(_clear_bss.o)
                              ./MCAL/EF_SpechialTIMER.o (__do_clear_bss)
c:/winavr-20100110/bin/../lib/gcc/avr/4.3.3/avr5\libgcc.a(_fixunssfsi.o)
                              ./MCAL/EF_EEPROM.o (__fixunssfsi)
c:/winavr-20100110/bin/../lib/gcc/avr/4.3.3/avr5\libgcc.a(_addsub_sf.o)
                              c:/winavr-20100110/bin/../lib/gcc/avr/4.3.3/avr5\libgcc.a(_fixunssfsi.o) (__subsf3)
c:/winavr-20100110/bin/../lib/gcc/avr/4.3.3/avr5\libgcc.a(_mul_sf.o)
                              ./MCAL/EF_EEPROM.o (__mulsf3)
c:/winavr-20100110/bin/../lib/gcc/avr/4.3.3/avr5\libgcc.a(_div_sf.o)
                              ./MCAL/EF_UART.o (__divsf3)
c:/winavr-20100110/bin/../lib/gcc/avr/4.3.3/avr5\libgcc.a(_gt_sf.o)
                              ./MCAL/EF_EEPROM.o (__gtsf2)
c:/winavr-20100110/bin/../lib/gcc/avr/4.3.3/avr5\libgcc.a(_ge_sf.o)
                              c:/winavr-20100110/bin/../lib/gcc/avr/4.3.3/avr5\libgcc.a(_fixunssfsi.o) (__gesf2)
c:/winavr-20100110/bin/../lib/gcc/avr/4.3.3/avr5\libgcc.a(_lt_sf.o)
                              ./MCAL/EF_EEPROM.o (__ltsf2)
c:/winavr-20100110/bin/../lib/gcc/avr/4.3.3/avr5\libgcc.a(_sf_to_si.o)
                              c:/winavr-20100110/bin/../lib/gcc/avr/4.3.3/avr5\libgcc.a(_fixunssfsi.o) (__fixsfsi)
c:/winavr-20100110/bin/../lib/gcc/avr/4.3.3/avr5\libgcc.a(_thenan_sf.o)
                              c:/winavr-20100110/bin/../lib/gcc/avr/4.3.3/avr5\libgcc.a(_addsub_sf.o) (__thenan_sf)
c:/winavr-20100110/bin/../lib/gcc/avr/4.3.3/avr5\libgcc.a(_prologue.o)
                              c:/winavr-20100110/bin/../lib/gcc/avr/4.3.3/avr5\libgcc.a(_addsub_sf.o) (__prologue_saves__)
c:/winavr-20100110/bin/../lib/gcc/avr/4.3.3/avr5\libgcc.a(_epilogue.o)
                              c:/winavr-20100110/bin/../lib/gcc/avr/4.3.3/avr5\libgcc.a(_addsub_sf.o) (__epilogue_restores__)
c:/winavr-20100110/bin/../lib/gcc/avr/4.3.3/avr5\libgcc.a(_pack_sf.o)
                              c:/winavr-20100110/bin/../lib/gcc/avr/4.3.3/avr5\libgcc.a(_addsub_sf.o) (__pack_f)
c:/winavr-20100110/bin/../lib/gcc/avr/4.3.3/avr5\libgcc.a(_unpack_sf.o)
                              c:/winavr-20100110/bin/../lib/gcc/avr/4.3.3/avr5\libgcc.a(_addsub_sf.o) (__unpack_f)
c:/winavr-20100110/bin/../lib/gcc/avr/4.3.3/avr5\libgcc.a(_fpcmp_parts_sf.o)
                              c:/winavr-20100110/bin/../lib/gcc/avr/4.3.3/avr5\libgcc.a(_gt_sf.o) (__fpcmp_parts_f)
c:/winavr-20100110/bin/../lib/gcc/avr/4.3.3/../../../../avr/lib/avr5\libc.a(itoa.o)
                              ./MCAL/EF_UART.o (itoa)
c:/winavr-20100110/bin/../lib/gcc/avr/4.3.3/../../../../avr/lib/avr5\libc.a(strrev.o)
                              c:/winavr-20100110/bin/../lib/gcc/avr/4.3.3/../../../../avr/lib/avr5\libc.a(itoa.o) (strrev)

Allocating common symbols
Common symbol       size              file

return_state        0x1               ./main.o

Memory Configuration

Name             Origin             Length             Attributes
text             0x00000000         0x00020000         xr
data             0x00800060         0x0000ffa0         rw !x
eeprom           0x00810000         0x00010000         rw !x
fuse             0x00820000         0x00000400         rw !x
lock             0x00830000         0x00000400         rw !x
signature        0x00840000         0x00000400         rw !x
*default*        0x00000000         0xffffffff

Linker script and memory map

LOAD c:/winavr-20100110/bin/../lib/gcc/avr/4.3.3/../../../../avr/lib/avr5/crtm32.o
LOAD ./MCAL/EF_ADC.o
LOAD ./MCAL/EF_DIO.o
LOAD ./MCAL/EF_EEPROM.o
LOAD ./MCAL/EF_I2C.o
LOAD ./MCAL/EF_InputCapture.o
LOAD ./MCAL/EF_PWM.o
LOAD ./MCAL/EF_SPI.o
LOAD ./MCAL/EF_SpechialTIMER.o
LOAD ./MCAL/EF_Timer.o
LOAD ./MCAL/EF_UART.o
LOAD ./HAL/CS811.o
LOAD ./HAL/EF_LCD.o
LOAD ./APP/init.o
LOAD ./APP/operation.o
LOAD ./APP/state_machine.o
LOAD ./APP/terminate.o
LOAD ./main.o
LOAD c:/winavr-20100110/bin/../lib/gcc/avr/4.3.3/avr5\libgcc.a
LOAD c:/winavr-20100110/bin/../lib/gcc/avr/4.3.3/../../../../avr/lib/avr5\libc.a
LOAD c:/winavr-20100110/bin/../lib/gcc/avr/4.3.3/avr5\libgcc.a

.hash
 *(.hash)

.dynsym
 *(.dynsym)

.dynstr
 *(.dynstr)

.gnu.version
 *(.gnu.version)

.gnu.version_d
 *(.gnu.version_d)

.gnu.version_r
 *(.gnu.version_r)

.rel.init
 *(.rel.init)

.rela.init
 *(.rela.init)

.rel.text
 *(.rel.text)
 *(.rel.text.*)
 *(.rel.gnu.linkonce.t*)

.rela.text
 *(.rela.text)
 *(.rela.text.*)
 *(.rela.gnu.linkonce.t*)

.rel.fini
 *(.rel.fini)

.rela.fini
 *(.rela.fini)

.rel.rodata
 *(.rel.rodata)
 *(.rel.rodata.*)
 *(.rel.gnu.linkonce.r*)

.rela.rodata
 *(.rela.rodata)
 *(.rela.rodata.*)
 *(.rela.gnu.linkonce.r*)

.rel.data
 *(.rel.data)
 *(.rel.data.*)
 *(.rel.gnu.linkonce.d*)

.rela.data
 *(.rela.data)
 *(.rela.data.*)
 *(.rela.gnu.linkonce.d*)

.rel.ctors
 *(.rel.ctors)

.rela.ctors
 *(.rela.ctors)

.rel.dtors
 *(.rel.dtors)

.rela.dtors
 *(.rela.dtors)

.rel.got
 *(.rel.got)

.rela.got
 *(.rela.got)

.rel.bss
 *(.rel.bss)

.rela.bss
 *(.rela.bss)

.rel.plt
 *(.rel.plt)

.rela.plt
 *(.rela.plt)

.text           0x00000000     0x71ae
 *(.vectors)
 .vectors       0x00000000       0x54 c:/winavr-20100110/bin/../lib/gcc/avr/4.3.3/../../../../avr/lib/avr5/crtm32.o
                0x00000000                __vectors
                0x00000000                __vector_default
 *(.vectors)
 *(.progmem.gcc*)
 *(.progmem*)
                0x00000054                . = ALIGN (0x2)
                0x00000054                __trampolines_start = .
 *(.trampolines)
 .trampolines   0x00000054        0x0 linker stubs
 *(.trampolines*)
                0x00000054                __trampolines_end = .
 *(.jumptables)
 *(.jumptables*)
 *(.lowtext)
 *(.lowtext*)
                0x00000054                __ctors_start = .
 *(.ctors)
                0x00000054                __ctors_end = .
                0x00000054                __dtors_start = .
 *(.dtors)
                0x00000054                __dtors_end = .
 SORT(*)(.ctors)
 SORT(*)(.dtors)
 *(.init0)
 .init0         0x00000054        0x0 c:/winavr-20100110/bin/../lib/gcc/avr/4.3.3/../../../../avr/lib/avr5/crtm32.o
                0x00000054                __init
 *(.init0)
 *(.init1)
 *(.init1)
 *(.init2)
 .init2         0x00000054        0xc c:/winavr-20100110/bin/../lib/gcc/avr/4.3.3/../../../../avr/lib/avr5/crtm32.o
 *(.init2)
 *(.init3)
 *(.init3)
 *(.init4)
 .init4         0x00000060       0x16 c:/winavr-20100110/bin/../lib/gcc/avr/4.3.3/avr5\libgcc.a(_copy_data.o)
                0x00000060                __do_copy_data
 .init4         0x00000076       0x10 c:/winavr-20100110/bin/../lib/gcc/avr/4.3.3/avr5\libgcc.a(_clear_bss.o)
                0x00000076                __do_clear_bss
 *(.init4)
 *(.init5)
 *(.init5)
 *(.init6)
 *(.init6)
 *(.init7)
 *(.init7)
 *(.init8)
 *(.init8)
 *(.init9)
 .init9         0x00000086        0x8 c:/winavr-20100110/bin/../lib/gcc/avr/4.3.3/../../../../avr/lib/avr5/crtm32.o
 *(.init9)
 *(.text)
 .text          0x0000008e        0x4 c:/winavr-20100110/bin/../lib/gcc/avr/4.3.3/../../../../avr/lib/avr5/crtm32.o
                0x0000008e                __vector_1
                0x0000008e                __vector_12
                0x0000008e                __bad_interrupt
                0x0000008e                __vector_6
                0x0000008e                __vector_3
                0x0000008e                __vector_11
                0x0000008e                __vector_13
                0x0000008e                __vector_17
                0x0000008e                __vector_19
                0x0000008e                __vector_7
                0x0000008e                __vector_4
                0x0000008e                __vector_9
                0x0000008e                __vector_2
                0x0000008e                __vector_15
                0x0000008e                __vector_8
                0x0000008e                __vector_14
                0x0000008e                __vector_10
                0x0000008e                __vector_16
                0x0000008e                __vector_18
                0x0000008e                __vector_20
 .text          0x00000092        0x0 ./MCAL/EF_ADC.o
 .text          0x00000092        0x0 ./MCAL/EF_DIO.o
 .text          0x00000092        0x0 ./MCAL/EF_EEPROM.o
 .text          0x00000092        0x0 ./MCAL/EF_I2C.o
 .text          0x00000092        0x0 ./MCAL/EF_InputCapture.o
 .text          0x00000092        0x0 ./MCAL/EF_PWM.o
 .text          0x00000092        0x0 ./MCAL/EF_SPI.o
 .text          0x00000092        0x0 ./MCAL/EF_SpechialTIMER.o
 .text          0x00000092        0x0 ./MCAL/EF_Timer.o
 .text          0x00000092        0x0 ./MCAL/EF_UART.o
 .text          0x00000092        0x0 ./HAL/CS811.o
 .text          0x00000092        0x0 ./HAL/EF_LCD.o
 .text          0x00000092        0x0 ./APP/init.o
 .text          0x00000092        0x0 ./APP/operation.o
 .text          0x00000092        0x0 ./APP/state_machine.o
 .text          0x00000092        0x0 ./APP/terminate.o
 .text          0x00000092        0x0 ./main.o
 .text          0x00000092        0x0 c:/winavr-20100110/bin/../lib/gcc/avr/4.3.3/avr5\libgcc.a(_udivmodqi4.o)
 .text          0x00000092        0x0 c:/winavr-20100110/bin/../lib/gcc/avr/4.3.3/avr5\libgcc.a(_udivmodhi4.o)
 .text          0x00000092        0x0 c:/winavr-20100110/bin/../lib/gcc/avr/4.3.3/avr5\libgcc.a(_divmodhi4.o)
 .text          0x00000092        0x0 c:/winavr-20100110/bin/../lib/gcc/avr/4.3.3/avr5\libgcc.a(_udivmodsi4.o)
 .text          0x00000092        0x0 c:/winavr-20100110/bin/../lib/gcc/avr/4.3.3/avr5\libgcc.a(_exit.o)
 .text          0x00000092        0x0 c:/winavr-20100110/bin/../lib/gcc/avr/4.3.3/avr5\libgcc.a(_copy_data.o)
 .text          0x00000092        0x0 c:/winavr-20100110/bin/../lib/gcc/avr/4.3.3/avr5\libgcc.a(_clear_bss.o)
 .text          0x00000092       0x58 c:/winavr-20100110/bin/../lib/gcc/avr/4.3.3/avr5\libgcc.a(_fixunssfsi.o)
                0x00000092                __fixunssfsi
 .text          0x000000ea      0x354 c:/winavr-20100110/bin/../lib/gcc/avr/4.3.3/avr5\libgcc.a(_addsub_sf.o)
                0x00000382                __subsf3
                0x000003e4                __addsf3
 .text          0x0000043e      0x1f4 c:/winavr-20100110/bin/../lib/gcc/avr/4.3.3/avr5\libgcc.a(_mul_sf.o)
                0x0000043e                __mulsf3
 .text          0x00000632      0x158 c:/winavr-20100110/bin/../lib/gcc/avr/4.3.3/avr5\libgcc.a(_div_sf.o)
                0x00000632                __divsf3
 .text          0x0000078a       0x60 c:/winavr-20100110/bin/../lib/gcc/avr/4.3.3/avr5\libgcc.a(_gt_sf.o)
                0x0000078a                __gtsf2
 .text          0x000007ea       0x60 c:/winavr-20100110/bin/../lib/gcc/avr/4.3.3/avr5\libgcc.a(_ge_sf.o)
                0x000007ea                __gesf2
 .text          0x0000084a       0x60 c:/winavr-20100110/bin/../lib/gcc/avr/4.3.3/avr5\libgcc.a(_lt_sf.o)
                0x0000084a                __ltsf2
 .text          0x000008aa       0xa8 c:/winavr-20100110/bin/../lib/gcc/avr/4.3.3/avr5\libgcc.a(_sf_to_si.o)
                0x000008aa                __fixsfsi
 .text          0x00000952        0x0 c:/winavr-20100110/bin/../lib/gcc/avr/4.3.3/avr5\libgcc.a(_thenan_sf.o)
 .text          0x00000952        0x0 c:/winavr-20100110/bin/../lib/gcc/avr/4.3.3/avr5\libgcc.a(_prologue.o)
 .text          0x00000952        0x0 c:/winavr-20100110/bin/../lib/gcc/avr/4.3.3/avr5\libgcc.a(_epilogue.o)
 .text          0x00000952      0x1aa c:/winavr-20100110/bin/../lib/gcc/avr/4.3.3/avr5\libgcc.a(_pack_sf.o)
                0x00000952                __pack_f
 .text          0x00000afc       0xf0 c:/winavr-20100110/bin/../lib/gcc/avr/4.3.3/avr5\libgcc.a(_unpack_sf.o)
                0x00000afc                __unpack_f
 .text          0x00000bec       0xb2 c:/winavr-20100110/bin/../lib/gcc/avr/4.3.3/avr5\libgcc.a(_fpcmp_parts_sf.o)
                0x00000bec                __fpcmp_parts_f
 .text          0x00000c9e        0x0 c:/winavr-20100110/bin/../lib/gcc/avr/4.3.3/../../../../avr/lib/avr5\libc.a(itoa.o)
 .text          0x00000c9e        0x0 c:/winavr-20100110/bin/../lib/gcc/avr/4.3.3/../../../../avr/lib/avr5\libc.a(strrev.o)
                0x00000c9e                . = ALIGN (0x2)
 *(.text.*)
 .text.EF_void_ADC_init
                0x00000c9e       0x3a ./MCAL/EF_ADC.o
                0x00000c9e                EF_void_ADC_init
 .text.EF_u16_ADC_read
                0x00000cd8       0x74 ./MCAL/EF_ADC.o
                0x00000cd8                EF_u16_ADC_read
 .text.EF_S8_DIO_InitPort
                0x00000d4c       0xca ./MCAL/EF_DIO.o
                0x00000d4c                EF_S8_DIO_InitPort
 .text.EF_S8_DIO_WritePort
                0x00000e16       0xea ./MCAL/EF_DIO.o
                0x00000e16                EF_S8_DIO_WritePort
 .text.EF_S16_DIO_ReadPort
                0x00000f00       0xc4 ./MCAL/EF_DIO.o
                0x00000f00                EF_S16_DIO_ReadPort
 .text.EF_B_DIO_InitPin
                0x00000fc4      0x276 ./MCAL/EF_DIO.o
                0x00000fc4                EF_B_DIO_InitPin
 .text.EF_S8_DIO_SetPin
                0x0000123a      0x150 ./MCAL/EF_DIO.o
                0x0000123a                EF_S8_DIO_SetPin
 .text.EF_S8_DIO_ClearPin
                0x0000138a      0x15a ./MCAL/EF_DIO.o
                0x0000138a                EF_S8_DIO_ClearPin
 .text.EF_S8_DIO_SetPort
                0x000014e4       0xc4 ./MCAL/EF_DIO.o
                0x000014e4                EF_S8_DIO_SetPort
 .text.EF_S8_DIO_ClearPort
                0x000015a8       0xba ./MCAL/EF_DIO.o
                0x000015a8                EF_S8_DIO_ClearPort
 .text.EF_S8_DIO_TogglePin
                0x00001662      0x150 ./MCAL/EF_DIO.o
                0x00001662                EF_S8_DIO_TogglePin
 .text.EF_S8_DIO_CheckPin
                0x000017b2      0x1a4 ./MCAL/EF_DIO.o
                0x000017b2                EF_S8_DIO_CheckPin
 .text.EF_void_EEPROM_WriteByte
                0x00001956       0x60 ./MCAL/EF_EEPROM.o
                0x00001956                EF_void_EEPROM_WriteByte
 .text.EF_u8_EPROM_ReadByte
                0x000019b6      0x140 ./MCAL/EF_EEPROM.o
                0x000019b6                EF_u8_EPROM_ReadByte
 .text.EF_void_EEPROM_WriteNBytes
                0x00001af6       0x64 ./MCAL/EF_EEPROM.o
                0x00001af6                EF_void_EEPROM_WriteNBytes
 .text.EF_void_EEPROM_ReadNBytes
                0x00001b5a       0x62 ./MCAL/EF_EEPROM.o
                0x00001b5a                EF_void_EEPROM_ReadNBytes
 .text.EF_void_EEPROM_Erase
                0x00001bbc       0x3a ./MCAL/EF_EEPROM.o
                0x00001bbc                EF_void_EEPROM_Erase
 .text.EF_void_I2C_Write
                0x00001bf6       0x2e ./MCAL/EF_I2C.o
                0x00001bf6                EF_void_I2C_Write
 .text.EF_void_I2C_Start
                0x00001c24       0x20 ./MCAL/EF_I2C.o
                0x00001c24                EF_void_I2C_Start
 .text.EF_void_I2C_Stop
                0x00001c44       0x16 ./MCAL/EF_I2C.o
                0x00001c44                EF_void_I2C_Stop
 .text.EF_void_I2C_Init
                0x00001c5a       0x24 ./MCAL/EF_I2C.o
                0x00001c5a                EF_void_I2C_Init
 .text.EF_U8_I2C_Read_Byte
                0x00001c7e       0x54 ./MCAL/EF_I2C.o
                0x00001c7e                EF_U8_I2C_Read_Byte
 .text.EF_void_InputCapture_Init
                0x00001cd2       0x14 ./MCAL/EF_InputCapture.o
                0x00001cd2                EF_void_InputCapture_Init
 .text.EF_BOOLEAN_InputCapture_GetPulse
                0x00001ce6      0x11e ./MCAL/EF_InputCapture.o
                0x00001ce6                EF_BOOLEAN_InputCapture_GetPulse
 .text.EF_BOOLEAN_InputCapture_GetPeriod
                0x00001e04      0x116 ./MCAL/EF_InputCapture.o
                0x00001e04                EF_BOOLEAN_InputCapture_GetPeriod
 .text.EF_void_PWM_init
                0x00001f1a      0x108 ./MCAL/EF_PWM.o
                0x00001f1a                EF_void_PWM_init
 .text.EF_void_PWM_SetDutyValue
                0x00002022       0x8c ./MCAL/EF_PWM.o
                0x00002022                EF_void_PWM_SetDutyValue
 .text.EF_void_PWM_SetDutyCycle
                0x000020ae       0x80 ./MCAL/EF_PWM.o
                0x000020ae                EF_void_PWM_SetDutyCycle
 .text.EF_SpiInit
                0x0000212e       0x58 ./MCAL/EF_SPI.o
                0x0000212e                EF_SpiInit
 .text.EF_SpiTransfer
                0x00002186       0x2c ./MCAL/EF_SPI.o
                0x00002186                EF_SpiTransfer
 .text.EF_BOOLEAN_SpiTransfer
                0x000021b2       0x70 ./MCAL/EF_SPI.o
                0x000021b2                EF_BOOLEAN_SpiTransfer
 .text.EF_void_TimerISRCallback
                0x00002222       0x12 ./MCAL/EF_SpechialTIMER.o
 .text.EF_void_TimerDelete
                0x00002234       0x8a ./MCAL/EF_SpechialTIMER.o
                0x00002234                EF_void_TimerDelete
 .text.EF_void_TimerInit
                0x000022be       0x40 ./MCAL/EF_SpechialTIMER.o
                0x000022be                EF_void_TimerInit
 .text.EF_void_TimerCreate
                0x000022fe       0xba ./MCAL/EF_SpechialTIMER.o
                0x000022fe                EF_void_TimerCreate
 .text.EF_void_TimersUpdate
                0x000023b8      0x10c ./MCAL/EF_SpechialTIMER.o
                0x000023b8                EF_void_TimersUpdate
 .text.EF_BOOLEAN_TimerCheck
                0x000024c4       0x5a ./MCAL/EF_SpechialTIMER.o
                0x000024c4                EF_BOOLEAN_TimerCheck
 .text.EF_void_TimerStart
                0x0000251e       0x54 ./MCAL/EF_SpechialTIMER.o
                0x0000251e                EF_void_TimerStart
 .text.EF_void_TimerStop
                0x00002572       0x30 ./MCAL/EF_SpechialTIMER.o
                0x00002572                EF_void_TimerStop
 .text.EF_void_TimerReset
                0x000025a2       0x34 ./MCAL/EF_SpechialTIMER.o
                0x000025a2                EF_void_TimerReset
 .text.EF_void_Timer_PORTinit
                0x000025d6       0x42 ./MCAL/EF_Timer.o
                0x000025d6                EF_void_Timer_PORTinit
 .text.EF_void_Timer_SetISRCallBack
                0x00002618       0x24 ./MCAL/EF_Timer.o
                0x00002618                EF_void_Timer_SetISRCallBack
 .text.EF_void_Timer_RemoveTimerISRCallBack
                0x0000263c       0x16 ./MCAL/EF_Timer.o
                0x0000263c                EF_void_Timer_RemoveTimerISRCallBack
 .text.__vector_5
                0x00002652       0x7c ./MCAL/EF_Timer.o
                0x00002652                __vector_5
 .text.UART_INIT
                0x000026ce       0x34 ./MCAL/EF_UART.o
                0x000026ce                UART_INIT
 .text.EF_void_UART_Init
                0x00002702      0x232 ./MCAL/EF_UART.o
                0x00002702                EF_void_UART_Init
 .text.EF_BOOLEAN_UART_GetChar
                0x00002934       0x6e ./MCAL/EF_UART.o
                0x00002934                EF_BOOLEAN_UART_GetChar
 .text.EF_BOOLEAN_UART_PutChar
                0x000029a2       0x76 ./MCAL/EF_UART.o
                0x000029a2                EF_BOOLEAN_UART_PutChar
 .text.EF_u8_UART_WaitChar
                0x00002a18       0x26 ./MCAL/EF_UART.o
                0x00002a18                EF_u8_UART_WaitChar
 .text.EF_void_UART_PutChar
                0x00002a3e       0x36 ./MCAL/EF_UART.o
                0x00002a3e                EF_void_UART_PutChar
 .text.EF_void_UART_SendArray
                0x00002a74       0x48 ./MCAL/EF_UART.o
                0x00002a74                EF_void_UART_SendArray
 .text.EF_void_UART_Send_data_temp
                0x00002abc      0x18c ./MCAL/EF_UART.o
                0x00002abc                EF_void_UART_Send_data_temp
 .text.EF_void_UART_Send_data_PBM
                0x00002c48      0x20e ./MCAL/EF_UART.o
                0x00002c48                EF_void_UART_Send_data_PBM
 .text.EF_void_UART_Send_Integer
                0x00002e56       0x86 ./MCAL/EF_UART.o
                0x00002e56                EF_void_UART_Send_Integer
 .text.EF_void_UART_SendString
                0x00002edc       0x52 ./MCAL/EF_UART.o
                0x00002edc                EF_void_UART_SendString
 .text.EF_void_UART_SendNewLine
                0x00002f2e       0x1a ./MCAL/EF_UART.o
                0x00002f2e                EF_void_UART_SendNewLine
 .text.EF_void_UART_update_time
                0x00002f48      0x11e ./MCAL/EF_UART.o
                0x00002f48                EF_void_UART_update_time
 .text.EF_void_UART_Send_Binary
                0x00003066       0x6c ./MCAL/EF_UART.o
                0x00003066                EF_void_UART_Send_Binary
 .text.EF_void_UART_Send_CO2
                0x000030d2       0xfc ./MCAL/EF_UART.o
                0x000030d2                EF_void_UART_Send_CO2
 .text.EF_void_LCD_init
                0x000031ce      0x698 ./HAL/EF_LCD.o
                0x000031ce                EF_void_LCD_init
 .text.EF_void_LCD_send_command
                0x00003866      0x6aa ./HAL/EF_LCD.o
                0x00003866                EF_void_LCD_send_command
 .text.EF_void_LCD_send_data
                0x00003f10      0x6aa ./HAL/EF_LCD.o
                0x00003f10                EF_void_LCD_send_data
 .text.EF_void_LCD_goto
                0x000045ba      0x140 ./HAL/EF_LCD.o
                0x000045ba                EF_void_LCD_goto
 .text.EF_void_LCD_print_NUM
                0x000046fa       0x96 ./HAL/EF_LCD.o
                0x000046fa                EF_void_LCD_print_NUM
 .text.EF_void_LCD_print
                0x00004790       0x52 ./HAL/EF_LCD.o
                0x00004790                EF_void_LCD_print
 .text.EF_void_LCD_print_ByLength
                0x000047e2       0x48 ./HAL/EF_LCD.o
                0x000047e2                EF_void_LCD_print_ByLength
 .text.EF_void_LCD_Clear_Screen
                0x0000482a      0x28c ./HAL/EF_LCD.o
                0x0000482a                EF_void_LCD_Clear_Screen
 .text.EF_void_uploadCustomChar
                0x00004ab6       0x64 ./HAL/EF_LCD.o
                0x00004ab6                EF_void_uploadCustomChar
 .text.EF_void_LCD_HextoASCII
                0x00004b1a       0x72 ./HAL/EF_LCD.o
                0x00004b1a                EF_void_LCD_HextoASCII
 .text.LCD_4BIT_Write_Init
                0x00004b8c      0x222 ./HAL/EF_LCD.o
                0x00004b8c                LCD_4BIT_Write_Init
 .text.EF_void_LCD_Newline
                0x00004dae      0x110 ./HAL/EF_LCD.o
                0x00004dae                EF_void_LCD_Newline
 .text.EF_void_LCD_print_Number
                0x00004ebe       0x86 ./HAL/EF_LCD.o
                0x00004ebe                EF_void_LCD_print_Number
 .text.init_fun
                0x00004f44     0x1e40 ./APP/init.o
                0x00004f44                init_fun
 .text.operation_fun
                0x00006d84      0x114 ./APP/operation.o
                0x00006d84                operation_fun
 .text.lookup_table
                0x00006e98       0x44 ./APP/state_machine.o
                0x00006e98                lookup_table
 .text.terminate_fun
                0x00006edc      0x114 ./APP/terminate.o
                0x00006edc                terminate_fun
 .text.main     0x00006ff0       0x40 ./main.o
                0x00006ff0                main
 .text.libgcc   0x00007030       0x18 c:/winavr-20100110/bin/../lib/gcc/avr/4.3.3/avr5\libgcc.a(_udivmodqi4.o)
                0x00007030                __udivmodqi4
 .text.libgcc   0x00007048       0x28 c:/winavr-20100110/bin/../lib/gcc/avr/4.3.3/avr5\libgcc.a(_udivmodhi4.o)
                0x00007048                __udivmodhi4
 .text.libgcc   0x00007070       0x26 c:/winavr-20100110/bin/../lib/gcc/avr/4.3.3/avr5\libgcc.a(_divmodhi4.o)
                0x00007070                __divmodhi4
                0x00007070                _div
 .text.libgcc   0x00007096       0x44 c:/winavr-20100110/bin/../lib/gcc/avr/4.3.3/avr5\libgcc.a(_udivmodsi4.o)
                0x00007096                __udivmodsi4
 .text.libgcc   0x000070da        0x0 c:/winavr-20100110/bin/../lib/gcc/avr/4.3.3/avr5\libgcc.a(_exit.o)
 .text.libgcc   0x000070da        0x0 c:/winavr-20100110/bin/../lib/gcc/avr/4.3.3/avr5\libgcc.a(_copy_data.o)
 .text.libgcc   0x000070da        0x0 c:/winavr-20100110/bin/../lib/gcc/avr/4.3.3/avr5\libgcc.a(_clear_bss.o)
 .text.libgcc   0x000070da       0x38 c:/winavr-20100110/bin/../lib/gcc/avr/4.3.3/avr5\libgcc.a(_prologue.o)
                0x000070da                __prologue_saves__
 .text.libgcc   0x00007112       0x36 c:/winavr-20100110/bin/../lib/gcc/avr/4.3.3/avr5\libgcc.a(_epilogue.o)
                0x00007112                __epilogue_restores__
 .text.avr-libc
                0x00007148       0x42 c:/winavr-20100110/bin/../lib/gcc/avr/4.3.3/../../../../avr/lib/avr5\libc.a(itoa.o)
                0x00007148                itoa
 .text.avr-libc
                0x0000718a       0x20 c:/winavr-20100110/bin/../lib/gcc/avr/4.3.3/../../../../avr/lib/avr5\libc.a(strrev.o)
                0x0000718a                strrev
                0x000071aa                . = ALIGN (0x2)
 *(.fini9)
 .fini9         0x000071aa        0x0 c:/winavr-20100110/bin/../lib/gcc/avr/4.3.3/avr5\libgcc.a(_exit.o)
                0x000071aa                exit
                0x000071aa                _exit
 *(.fini9)
 *(.fini8)
 *(.fini8)
 *(.fini7)
 *(.fini7)
 *(.fini6)
 *(.fini6)
 *(.fini5)
 *(.fini5)
 *(.fini4)
 *(.fini4)
 *(.fini3)
 *(.fini3)
 *(.fini2)
 *(.fini2)
 *(.fini1)
 *(.fini1)
 *(.fini0)
 .fini0         0x000071aa        0x4 c:/winavr-20100110/bin/../lib/gcc/avr/4.3.3/avr5\libgcc.a(_exit.o)
 *(.fini0)
                0x000071ae                _etext = .

.data           0x00800060      0x1f8 load address 0x000071ae
                0x00800060                PROVIDE (__data_start, .)
 *(.data)
 .data          0x00800060        0x0 c:/winavr-20100110/bin/../lib/gcc/avr/4.3.3/../../../../avr/lib/avr5/crtm32.o
 .data          0x00800060        0x0 ./MCAL/EF_ADC.o
 .data          0x00800060        0x0 ./MCAL/EF_DIO.o
 .data          0x00800060        0x0 ./MCAL/EF_EEPROM.o
 .data          0x00800060        0x0 ./MCAL/EF_I2C.o
 .data          0x00800060        0x0 ./MCAL/EF_InputCapture.o
 .data          0x00800060        0x0 ./MCAL/EF_PWM.o
 .data          0x00800060        0x0 ./MCAL/EF_SPI.o
 .data          0x00800060        0x0 ./MCAL/EF_SpechialTIMER.o
 .data          0x00800060        0x0 ./MCAL/EF_Timer.o
 .data          0x00800060       0x29 ./MCAL/EF_UART.o
 .data          0x00800089        0x0 ./HAL/CS811.o
 .data          0x00800089        0x0 ./HAL/EF_LCD.o
 .data          0x00800089      0x187 ./APP/init.o
 .data          0x00800210       0x12 ./APP/operation.o
 .data          0x00800222        0x0 ./APP/state_machine.o
 .data          0x00800222       0x12 ./APP/terminate.o
 .data          0x00800234        0x0 ./main.o
 .data          0x00800234        0x0 c:/winavr-20100110/bin/../lib/gcc/avr/4.3.3/avr5\libgcc.a(_udivmodqi4.o)
 .data          0x00800234        0x0 c:/winavr-20100110/bin/../lib/gcc/avr/4.3.3/avr5\libgcc.a(_udivmodhi4.o)
 .data          0x00800234        0x0 c:/winavr-20100110/bin/../lib/gcc/avr/4.3.3/avr5\libgcc.a(_divmodhi4.o)
 .data          0x00800234        0x0 c:/winavr-20100110/bin/../lib/gcc/avr/4.3.3/avr5\libgcc.a(_udivmodsi4.o)
 .data          0x00800234        0x0 c:/winavr-20100110/bin/../lib/gcc/avr/4.3.3/avr5\libgcc.a(_exit.o)
 .data          0x00800234        0x0 c:/winavr-20100110/bin/../lib/gcc/avr/4.3.3/avr5\libgcc.a(_copy_data.o)
 .data          0x00800234        0x0 c:/winavr-20100110/bin/../lib/gcc/avr/4.3.3/avr5\libgcc.a(_clear_bss.o)
 .data          0x00800234        0x0 c:/winavr-20100110/bin/../lib/gcc/avr/4.3.3/avr5\libgcc.a(_fixunssfsi.o)
 .data          0x00800234        0x0 c:/winavr-20100110/bin/../lib/gcc/avr/4.3.3/avr5\libgcc.a(_addsub_sf.o)
 .data          0x00800234        0x0 c:/winavr-20100110/bin/../lib/gcc/avr/4.3.3/avr5\libgcc.a(_mul_sf.o)
 .data          0x00800234        0x0 c:/winavr-20100110/bin/../lib/gcc/avr/4.3.3/avr5\libgcc.a(_div_sf.o)
 .data          0x00800234        0x0 c:/winavr-20100110/bin/../lib/gcc/avr/4.3.3/avr5\libgcc.a(_gt_sf.o)
 .data          0x00800234        0x0 c:/winavr-20100110/bin/../lib/gcc/avr/4.3.3/avr5\libgcc.a(_ge_sf.o)
 .data          0x00800234        0x0 c:/winavr-20100110/bin/../lib/gcc/avr/4.3.3/avr5\libgcc.a(_lt_sf.o)
 .data          0x00800234        0x0 c:/winavr-20100110/bin/../lib/gcc/avr/4.3.3/avr5\libgcc.a(_sf_to_si.o)
 .data          0x00800234        0x8 c:/winavr-20100110/bin/../lib/gcc/avr/4.3.3/avr5\libgcc.a(_thenan_sf.o)
                0x00800234                __thenan_sf
 .data          0x0080023c        0x0 c:/winavr-20100110/bin/../lib/gcc/avr/4.3.3/avr5\libgcc.a(_prologue.o)
 .data          0x0080023c        0x0 c:/winavr-20100110/bin/../lib/gcc/avr/4.3.3/avr5\libgcc.a(_epilogue.o)
 .data          0x0080023c        0x0 c:/winavr-20100110/bin/../lib/gcc/avr/4.3.3/avr5\libgcc.a(_pack_sf.o)
 .data          0x0080023c        0x0 c:/winavr-20100110/bin/../lib/gcc/avr/4.3.3/avr5\libgcc.a(_unpack_sf.o)
 .data          0x0080023c        0x0 c:/winavr-20100110/bin/../lib/gcc/avr/4.3.3/avr5\libgcc.a(_fpcmp_parts_sf.o)
 .data          0x0080023c        0x0 c:/winavr-20100110/bin/../lib/gcc/avr/4.3.3/../../../../avr/lib/avr5\libc.a(itoa.o)
 .data          0x0080023c        0x0 c:/winavr-20100110/bin/../lib/gcc/avr/4.3.3/../../../../avr/lib/avr5\libc.a(strrev.o)
 *(.data*)
 .data.lookup_table_array
                0x0080023c        0x9 ./APP/state_machine.o
                0x0080023c                lookup_table_array
 .data.states   0x00800245        0x6 ./main.o
                0x00800245                states
 *(.rodata)
 *(.rodata*)
 .rodata.uart_reg
                0x0080024b        0xc ./MCAL/EF_UART.o
                0x0080024b                uart_reg
 *(.gnu.linkonce.d*)
                0x00800258                . = ALIGN (0x2)
 *fill*         0x00800257        0x1 00
                0x00800258                _edata = .
                0x00800258                PROVIDE (__data_end, .)

.bss            0x00800258       0x3f
                0x00800258                PROVIDE (__bss_start, .)
 *(.bss)
 .bss           0x00800258        0x0 c:/winavr-20100110/bin/../lib/gcc/avr/4.3.3/../../../../avr/lib/avr5/crtm32.o
 .bss           0x00800258        0x0 ./MCAL/EF_ADC.o
 .bss           0x00800258        0x0 ./MCAL/EF_DIO.o
 .bss           0x00800258        0x0 ./MCAL/EF_EEPROM.o
 .bss           0x00800258        0x0 ./MCAL/EF_I2C.o
 .bss           0x00800258        0x0 ./MCAL/EF_InputCapture.o
 .bss           0x00800258        0x0 ./MCAL/EF_PWM.o
 .bss           0x00800258        0x0 ./MCAL/EF_SPI.o
 .bss           0x00800258        0x0 ./MCAL/EF_SpechialTIMER.o
 .bss           0x00800258        0x0 ./MCAL/EF_Timer.o
 .bss           0x00800258        0x0 ./MCAL/EF_UART.o
 .bss           0x00800258        0x0 ./HAL/CS811.o
 .bss           0x00800258        0x0 ./HAL/EF_LCD.o
 .bss           0x00800258        0x0 ./APP/init.o
 .bss           0x00800258        0x0 ./APP/operation.o
 .bss           0x00800258        0x0 ./APP/state_machine.o
 .bss           0x00800258        0x0 ./APP/terminate.o
 .bss           0x00800258        0x0 ./main.o
 .bss           0x00800258        0x0 c:/winavr-20100110/bin/../lib/gcc/avr/4.3.3/avr5\libgcc.a(_udivmodqi4.o)
 .bss           0x00800258        0x0 c:/winavr-20100110/bin/../lib/gcc/avr/4.3.3/avr5\libgcc.a(_udivmodhi4.o)
 .bss           0x00800258        0x0 c:/winavr-20100110/bin/../lib/gcc/avr/4.3.3/avr5\libgcc.a(_divmodhi4.o)
 .bss           0x00800258        0x0 c:/winavr-20100110/bin/../lib/gcc/avr/4.3.3/avr5\libgcc.a(_udivmodsi4.o)
 .bss           0x00800258        0x0 c:/winavr-20100110/bin/../lib/gcc/avr/4.3.3/avr5\libgcc.a(_exit.o)
 .bss           0x00800258        0x0 c:/winavr-20100110/bin/../lib/gcc/avr/4.3.3/avr5\libgcc.a(_copy_data.o)
 .bss           0x00800258        0x0 c:/winavr-20100110/bin/../lib/gcc/avr/4.3.3/avr5\libgcc.a(_clear_bss.o)
 .bss           0x00800258        0x0 c:/winavr-20100110/bin/../lib/gcc/avr/4.3.3/avr5\libgcc.a(_fixunssfsi.o)
 .bss           0x00800258        0x0 c:/winavr-20100110/bin/../lib/gcc/avr/4.3.3/avr5\libgcc.a(_addsub_sf.o)
 .bss           0x00800258        0x0 c:/winavr-20100110/bin/../lib/gcc/avr/4.3.3/avr5\libgcc.a(_mul_sf.o)
 .bss           0x00800258        0x0 c:/winavr-20100110/bin/../lib/gcc/avr/4.3.3/avr5\libgcc.a(_div_sf.o)
 .bss           0x00800258        0x0 c:/winavr-20100110/bin/../lib/gcc/avr/4.3.3/avr5\libgcc.a(_gt_sf.o)
 .bss           0x00800258        0x0 c:/winavr-20100110/bin/../lib/gcc/avr/4.3.3/avr5\libgcc.a(_ge_sf.o)
 .bss           0x00800258        0x0 c:/winavr-20100110/bin/../lib/gcc/avr/4.3.3/avr5\libgcc.a(_lt_sf.o)
 .bss           0x00800258        0x0 c:/winavr-20100110/bin/../lib/gcc/avr/4.3.3/avr5\libgcc.a(_sf_to_si.o)
 .bss           0x00800258        0x0 c:/winavr-20100110/bin/../lib/gcc/avr/4.3.3/avr5\libgcc.a(_thenan_sf.o)
 .bss           0x00800258        0x0 c:/winavr-20100110/bin/../lib/gcc/avr/4.3.3/avr5\libgcc.a(_prologue.o)
 .bss           0x00800258        0x0 c:/winavr-20100110/bin/../lib/gcc/avr/4.3.3/avr5\libgcc.a(_epilogue.o)
 .bss           0x00800258        0x0 c:/winavr-20100110/bin/../lib/gcc/avr/4.3.3/avr5\libgcc.a(_pack_sf.o)
 .bss           0x00800258        0x0 c:/winavr-20100110/bin/../lib/gcc/avr/4.3.3/avr5\libgcc.a(_unpack_sf.o)
 .bss           0x00800258        0x0 c:/winavr-20100110/bin/../lib/gcc/avr/4.3.3/avr5\libgcc.a(_fpcmp_parts_sf.o)
 .bss           0x00800258        0x0 c:/winavr-20100110/bin/../lib/gcc/avr/4.3.3/../../../../avr/lib/avr5\libc.a(itoa.o)
 .bss           0x00800258        0x0 c:/winavr-20100110/bin/../lib/gcc/avr/4.3.3/../../../../avr/lib/avr5\libc.a(strrev.o)
 *(.bss*)
 .bss.timers_list
                0x00800258       0x3c ./MCAL/EF_SpechialTIMER.o
 .bss.voidFuncPtr
                0x00800294        0x2 ./MCAL/EF_Timer.o
 *(COMMON)
 COMMON         0x00800296        0x1 ./main.o
                0x00800296                return_state
                0x00800297                PROVIDE (__bss_end, .)
                0x000071ae                __data_load_start = LOADADDR (.data)
                0x000073a6                __data_load_end = (__data_load_start + SIZEOF (.data))

.noinit         0x00800297        0x0
                0x00800297                PROVIDE (__noinit_start, .)
 *(.noinit*)
                0x00800297                PROVIDE (__noinit_end, .)
                0x00800297                _end = .
                0x00800297                PROVIDE (__heap_start, .)

.eeprom         0x00810000        0x0
 *(.eeprom*)
                0x00810000                __eeprom_end = .

.fuse
 *(.fuse)
 *(.lfuse)
 *(.hfuse)
 *(.efuse)

.lock
 *(.lock*)

.signature
 *(.signature*)

.stab           0x00000000     0x6d5c
 *(.stab)
 .stab          0x00000000      0x444 ./MCAL/EF_ADC.o
 .stab          0x00000444      0x954 ./MCAL/EF_DIO.o
                                0xb94 (size before relaxing)
 .stab          0x00000d98      0x450 ./MCAL/EF_EEPROM.o
                                0x690 (size before relaxing)
 .stab          0x000011e8      0x2b8 ./MCAL/EF_I2C.o
                                0x504 (size before relaxing)
 .stab          0x000014a0      0x4bc ./MCAL/EF_InputCapture.o
                                0x6fc (size before relaxing)
 .stab          0x0000195c      0x33c ./MCAL/EF_PWM.o
                                0x57c (size before relaxing)
 .stab          0x00001c98      0x300 ./MCAL/EF_SPI.o
                                0x564 (size before relaxing)
 .stab          0x00001f98      0x4f8 ./MCAL/EF_SpechialTIMER.o
                                0x768 (size before relaxing)
 .stab          0x00002490      0x27c ./MCAL/EF_Timer.o
                                0x504 (size before relaxing)
 .stab          0x0000270c      0xd44 ./MCAL/EF_UART.o
                                0xfb4 (size before relaxing)
 .stab          0x00003450       0xd8 ./HAL/CS811.o
                                 0xe4 (size before relaxing)
 .stab          0x00003528     0x1a34 ./HAL/EF_LCD.o
                               0x1bf0 (size before relaxing)
 .stab          0x00004f5c     0x15e4 ./APP/init.o
                               0x17a0 (size before relaxing)
 .stab          0x00006540      0x240 ./APP/operation.o
                                0x4f8 (size before relaxing)
 .stab          0x00006780      0x1b0 ./APP/state_machine.o
                                0x1bc (size before relaxing)
 .stab          0x00006930      0x240 ./APP/terminate.o
                                0x4f8 (size before relaxing)
 .stab          0x00006b70      0x1ec ./main.o
                                0x498 (size before relaxing)

.stabstr        0x00000000     0x22e6
 *(.stabstr)
 .stabstr       0x00000000     0x22e6 ./MCAL/EF_ADC.o

.stab.excl
 *(.stab.excl)

.stab.exclstr
 *(.stab.exclstr)

.stab.index
 *(.stab.index)

.stab.indexstr
 *(.stab.indexstr)

.comment
 *(.comment)

.debug
 *(.debug)

.line
 *(.line)

.debug_srcinfo
 *(.debug_srcinfo)

.debug_sfnames
 *(.debug_sfnames)

.debug_aranges  0x00000000      0x160
 *(.debug_aranges)
 .debug_aranges
                0x00000000       0x20 c:/winavr-20100110/bin/../lib/gcc/avr/4.3.3/avr5\libgcc.a(_fixunssfsi.o)
 .debug_aranges
                0x00000020       0x20 c:/winavr-20100110/bin/../lib/gcc/avr/4.3.3/avr5\libgcc.a(_addsub_sf.o)
 .debug_aranges
                0x00000040       0x20 c:/winavr-20100110/bin/../lib/gcc/avr/4.3.3/avr5\libgcc.a(_mul_sf.o)
 .debug_aranges
                0x00000060       0x20 c:/winavr-20100110/bin/../lib/gcc/avr/4.3.3/avr5\libgcc.a(_div_sf.o)
 .debug_aranges
                0x00000080       0x20 c:/winavr-20100110/bin/../lib/gcc/avr/4.3.3/avr5\libgcc.a(_gt_sf.o)
 .debug_aranges
                0x000000a0       0x20 c:/winavr-20100110/bin/../lib/gcc/avr/4.3.3/avr5\libgcc.a(_ge_sf.o)
 .debug_aranges
                0x000000c0       0x20 c:/winavr-20100110/bin/../lib/gcc/avr/4.3.3/avr5\libgcc.a(_lt_sf.o)
 .debug_aranges
                0x000000e0       0x20 c:/winavr-20100110/bin/../lib/gcc/avr/4.3.3/avr5\libgcc.a(_sf_to_si.o)
 .debug_aranges
                0x00000100       0x20 c:/winavr-20100110/bin/../lib/gcc/avr/4.3.3/avr5\libgcc.a(_pack_sf.o)
 .debug_aranges
                0x00000120       0x20 c:/winavr-20100110/bin/../lib/gcc/avr/4.3.3/avr5\libgcc.a(_unpack_sf.o)
 .debug_aranges
                0x00000140       0x20 c:/winavr-20100110/bin/../lib/gcc/avr/4.3.3/avr5\libgcc.a(_fpcmp_parts_sf.o)

.debug_pubnames
                0x00000000      0x18f
 *(.debug_pubnames)
 .debug_pubnames
                0x00000000       0x23 c:/winavr-20100110/bin/../lib/gcc/avr/4.3.3/avr5\libgcc.a(_fixunssfsi.o)
 .debug_pubnames
                0x00000023       0x2c c:/winavr-20100110/bin/../lib/gcc/avr/4.3.3/avr5\libgcc.a(_addsub_sf.o)
 .debug_pubnames
                0x0000004f       0x1f c:/winavr-20100110/bin/../lib/gcc/avr/4.3.3/avr5\libgcc.a(_mul_sf.o)
 .debug_pubnames
                0x0000006e       0x1f c:/winavr-20100110/bin/../lib/gcc/avr/4.3.3/avr5\libgcc.a(_div_sf.o)
 .debug_pubnames
                0x0000008d       0x1e c:/winavr-20100110/bin/../lib/gcc/avr/4.3.3/avr5\libgcc.a(_gt_sf.o)
 .debug_pubnames
                0x000000ab       0x1e c:/winavr-20100110/bin/../lib/gcc/avr/4.3.3/avr5\libgcc.a(_ge_sf.o)
 .debug_pubnames
                0x000000c9       0x1e c:/winavr-20100110/bin/../lib/gcc/avr/4.3.3/avr5\libgcc.a(_lt_sf.o)
 .debug_pubnames
                0x000000e7       0x20 c:/winavr-20100110/bin/../lib/gcc/avr/4.3.3/avr5\libgcc.a(_sf_to_si.o)
 .debug_pubnames
                0x00000107       0x22 c:/winavr-20100110/bin/../lib/gcc/avr/4.3.3/avr5\libgcc.a(_thenan_sf.o)
 .debug_pubnames
                0x00000129       0x1f c:/winavr-20100110/bin/../lib/gcc/avr/4.3.3/avr5\libgcc.a(_pack_sf.o)
 .debug_pubnames
                0x00000148       0x21 c:/winavr-20100110/bin/../lib/gcc/avr/4.3.3/avr5\libgcc.a(_unpack_sf.o)
 .debug_pubnames
                0x00000169       0x26 c:/winavr-20100110/bin/../lib/gcc/avr/4.3.3/avr5\libgcc.a(_fpcmp_parts_sf.o)

.debug_info     0x00000000     0x2045
 *(.debug_info)
 .debug_info    0x00000000       0xb1 c:/winavr-20100110/bin/../lib/gcc/avr/4.3.3/avr5\libgcc.a(_fixunssfsi.o)
 .debug_info    0x000000b1      0x47a c:/winavr-20100110/bin/../lib/gcc/avr/4.3.3/avr5\libgcc.a(_addsub_sf.o)
 .debug_info    0x0000052b      0x485 c:/winavr-20100110/bin/../lib/gcc/avr/4.3.3/avr5\libgcc.a(_mul_sf.o)
 .debug_info    0x000009b0      0x3fc c:/winavr-20100110/bin/../lib/gcc/avr/4.3.3/avr5\libgcc.a(_div_sf.o)
 .debug_info    0x00000dac      0x27f c:/winavr-20100110/bin/../lib/gcc/avr/4.3.3/avr5\libgcc.a(_gt_sf.o)
 .debug_info    0x0000102b      0x27f c:/winavr-20100110/bin/../lib/gcc/avr/4.3.3/avr5\libgcc.a(_ge_sf.o)
 .debug_info    0x000012aa      0x27f c:/winavr-20100110/bin/../lib/gcc/avr/4.3.3/avr5\libgcc.a(_lt_sf.o)
 .debug_info    0x00001529      0x2b0 c:/winavr-20100110/bin/../lib/gcc/avr/4.3.3/avr5\libgcc.a(_sf_to_si.o)
 .debug_info    0x000017d9      0x12c c:/winavr-20100110/bin/../lib/gcc/avr/4.3.3/avr5\libgcc.a(_thenan_sf.o)
 .debug_info    0x00001905      0x2df c:/winavr-20100110/bin/../lib/gcc/avr/4.3.3/avr5\libgcc.a(_pack_sf.o)
 .debug_info    0x00001be4      0x251 c:/winavr-20100110/bin/../lib/gcc/avr/4.3.3/avr5\libgcc.a(_unpack_sf.o)
 .debug_info    0x00001e35      0x210 c:/winavr-20100110/bin/../lib/gcc/avr/4.3.3/avr5\libgcc.a(_fpcmp_parts_sf.o)
 *(.gnu.linkonce.wi.*)

.debug_abbrev   0x00000000     0x1101
 *(.debug_abbrev)
 .debug_abbrev  0x00000000       0x5d c:/winavr-20100110/bin/../lib/gcc/avr/4.3.3/avr5\libgcc.a(_fixunssfsi.o)
 .debug_abbrev  0x0000005d      0x1ea c:/winavr-20100110/bin/../lib/gcc/avr/4.3.3/avr5\libgcc.a(_addsub_sf.o)
 .debug_abbrev  0x00000247      0x21b c:/winavr-20100110/bin/../lib/gcc/avr/4.3.3/avr5\libgcc.a(_mul_sf.o)
 .debug_abbrev  0x00000462      0x216 c:/winavr-20100110/bin/../lib/gcc/avr/4.3.3/avr5\libgcc.a(_div_sf.o)
 .debug_abbrev  0x00000678      0x15a c:/winavr-20100110/bin/../lib/gcc/avr/4.3.3/avr5\libgcc.a(_gt_sf.o)
 .debug_abbrev  0x000007d2      0x15a c:/winavr-20100110/bin/../lib/gcc/avr/4.3.3/avr5\libgcc.a(_ge_sf.o)
 .debug_abbrev  0x0000092c      0x15a c:/winavr-20100110/bin/../lib/gcc/avr/4.3.3/avr5\libgcc.a(_lt_sf.o)
 .debug_abbrev  0x00000a86      0x17f c:/winavr-20100110/bin/../lib/gcc/avr/4.3.3/avr5\libgcc.a(_sf_to_si.o)
 .debug_abbrev  0x00000c05       0xad c:/winavr-20100110/bin/../lib/gcc/avr/4.3.3/avr5\libgcc.a(_thenan_sf.o)
 .debug_abbrev  0x00000cb2      0x1c0 c:/winavr-20100110/bin/../lib/gcc/avr/4.3.3/avr5\libgcc.a(_pack_sf.o)
 .debug_abbrev  0x00000e72      0x154 c:/winavr-20100110/bin/../lib/gcc/avr/4.3.3/avr5\libgcc.a(_unpack_sf.o)
 .debug_abbrev  0x00000fc6      0x13b c:/winavr-20100110/bin/../lib/gcc/avr/4.3.3/avr5\libgcc.a(_fpcmp_parts_sf.o)

.debug_line     0x00000000      0xf82
 *(.debug_line)
 .debug_line    0x00000000       0xa7 c:/winavr-20100110/bin/../lib/gcc/avr/4.3.3/avr5\libgcc.a(_fixunssfsi.o)
 .debug_line    0x000000a7      0x2af c:/winavr-20100110/bin/../lib/gcc/avr/4.3.3/avr5\libgcc.a(_addsub_sf.o)
 .debug_line    0x00000356      0x239 c:/winavr-20100110/bin/../lib/gcc/avr/4.3.3/avr5\libgcc.a(_mul_sf.o)
 .debug_line    0x0000058f      0x1d5 c:/winavr-20100110/bin/../lib/gcc/avr/4.3.3/avr5\libgcc.a(_div_sf.o)
 .debug_line    0x00000764       0xd3 c:/winavr-20100110/bin/../lib/gcc/avr/4.3.3/avr5\libgcc.a(_gt_sf.o)
 .debug_line    0x00000837       0xd3 c:/winavr-20100110/bin/../lib/gcc/avr/4.3.3/avr5\libgcc.a(_ge_sf.o)
 .debug_line    0x0000090a       0xd3 c:/winavr-20100110/bin/../lib/gcc/avr/4.3.3/avr5\libgcc.a(_lt_sf.o)
 .debug_line    0x000009dd      0x109 c:/winavr-20100110/bin/../lib/gcc/avr/4.3.3/avr5\libgcc.a(_sf_to_si.o)
 .debug_line    0x00000ae6       0x90 c:/winavr-20100110/bin/../lib/gcc/avr/4.3.3/avr5\libgcc.a(_thenan_sf.o)
 .debug_line    0x00000b76      0x18a c:/winavr-20100110/bin/../lib/gcc/avr/4.3.3/avr5\libgcc.a(_pack_sf.o)
 .debug_line    0x00000d00      0x14b c:/winavr-20100110/bin/../lib/gcc/avr/4.3.3/avr5\libgcc.a(_unpack_sf.o)
 .debug_line    0x00000e4b      0x137 c:/winavr-20100110/bin/../lib/gcc/avr/4.3.3/avr5\libgcc.a(_fpcmp_parts_sf.o)

.debug_frame    0x00000000      0x180
 *(.debug_frame)
 .debug_frame   0x00000000       0x20 c:/winavr-20100110/bin/../lib/gcc/avr/4.3.3/avr5\libgcc.a(_fixunssfsi.o)
 .debug_frame   0x00000020       0x40 c:/winavr-20100110/bin/../lib/gcc/avr/4.3.3/avr5\libgcc.a(_addsub_sf.o)
 .debug_frame   0x00000060       0x20 c:/winavr-20100110/bin/../lib/gcc/avr/4.3.3/avr5\libgcc.a(_mul_sf.o)
 .debug_frame   0x00000080       0x20 c:/winavr-20100110/bin/../lib/gcc/avr/4.3.3/avr5\libgcc.a(_div_sf.o)
 .debug_frame   0x000000a0       0x20 c:/winavr-20100110/bin/../lib/gcc/avr/4.3.3/avr5\libgcc.a(_gt_sf.o)
 .debug_frame   0x000000c0       0x20 c:/winavr-20100110/bin/../lib/gcc/avr/4.3.3/avr5\libgcc.a(_ge_sf.o)
 .debug_frame   0x000000e0       0x20 c:/winavr-20100110/bin/../lib/gcc/avr/4.3.3/avr5\libgcc.a(_lt_sf.o)
 .debug_frame   0x00000100       0x20 c:/winavr-20100110/bin/../lib/gcc/avr/4.3.3/avr5\libgcc.a(_sf_to_si.o)
 .debug_frame   0x00000120       0x20 c:/winavr-20100110/bin/../lib/gcc/avr/4.3.3/avr5\libgcc.a(_pack_sf.o)
 .debug_frame   0x00000140       0x20 c:/winavr-20100110/bin/../lib/gcc/avr/4.3.3/avr5\libgcc.a(_unpack_sf.o)
 .debug_frame   0x00000160       0x20 c:/winavr-20100110/bin/../lib/gcc/avr/4.3.3/avr5\libgcc.a(_fpcmp_parts_sf.o)

.debug_str      0x00000000      0x2c2
 *(.debug_str)
 .debug_str     0x00000000       0xbf c:/winavr-20100110/bin/../lib/gcc/avr/4.3.3/avr5\libgcc.a(_fixunssfsi.o)
                                 0xfe (size before relaxing)
 .debug_str     0x000000bf      0x14d c:/winavr-20100110/bin/../lib/gcc/avr/4.3.3/avr5\libgcc.a(_addsub_sf.o)
                                0x206 (size before relaxing)
 .debug_str     0x0000020c       0x27 c:/winavr-20100110/bin/../lib/gcc/avr/4.3.3/avr5\libgcc.a(_mul_sf.o)
                                0x1bf (size before relaxing)
 .debug_str     0x00000233       0x35 c:/winavr-20100110/bin/../lib/gcc/avr/4.3.3/avr5\libgcc.a(_div_sf.o)
                                0x1c8 (size before relaxing)
 .debug_str     0x00000268        0xf c:/winavr-20100110/bin/../lib/gcc/avr/4.3.3/avr5\libgcc.a(_gt_sf.o)
                                0x195 (size before relaxing)
 .debug_str     0x00000277        0x8 c:/winavr-20100110/bin/../lib/gcc/avr/4.3.3/avr5\libgcc.a(_ge_sf.o)
                                0x195 (size before relaxing)
 .debug_str     0x0000027f        0x8 c:/winavr-20100110/bin/../lib/gcc/avr/4.3.3/avr5\libgcc.a(_lt_sf.o)
                                0x195 (size before relaxing)
 .debug_str     0x00000287        0xa c:/winavr-20100110/bin/../lib/gcc/avr/4.3.3/avr5\libgcc.a(_sf_to_si.o)
                                0x19e (size before relaxing)
 .debug_str     0x00000000      0x103 c:/winavr-20100110/bin/../lib/gcc/avr/4.3.3/avr5\libgcc.a(_thenan_sf.o)
 .debug_str     0x00000291       0x16 c:/winavr-20100110/bin/../lib/gcc/avr/4.3.3/avr5\libgcc.a(_pack_sf.o)
                                0x19d (size before relaxing)
 .debug_str     0x000002a7        0xb c:/winavr-20100110/bin/../lib/gcc/avr/4.3.3/avr5\libgcc.a(_unpack_sf.o)
                                0x17f (size before relaxing)
 .debug_str     0x000002b2       0x10 c:/winavr-20100110/bin/../lib/gcc/avr/4.3.3/avr5\libgcc.a(_fpcmp_parts_sf.o)
                                0x163 (size before relaxing)

.debug_loc      0x00000000      0x88e
 *(.debug_loc)
 .debug_loc     0x00000000       0x34 c:/winavr-20100110/bin/../lib/gcc/avr/4.3.3/avr5\libgcc.a(_fixunssfsi.o)
 .debug_loc     0x00000034      0x32a c:/winavr-20100110/bin/../lib/gcc/avr/4.3.3/avr5\libgcc.a(_addsub_sf.o)
 .debug_loc     0x0000035e      0x104 c:/winavr-20100110/bin/../lib/gcc/avr/4.3.3/avr5\libgcc.a(_mul_sf.o)
 .debug_loc     0x00000462       0xc0 c:/winavr-20100110/bin/../lib/gcc/avr/4.3.3/avr5\libgcc.a(_div_sf.o)
 .debug_loc     0x00000522       0x3c c:/winavr-20100110/bin/../lib/gcc/avr/4.3.3/avr5\libgcc.a(_gt_sf.o)
 .debug_loc     0x0000055e       0x3c c:/winavr-20100110/bin/../lib/gcc/avr/4.3.3/avr5\libgcc.a(_ge_sf.o)
 .debug_loc     0x0000059a       0x3c c:/winavr-20100110/bin/../lib/gcc/avr/4.3.3/avr5\libgcc.a(_lt_sf.o)
 .debug_loc     0x000005d6       0x7e c:/winavr-20100110/bin/../lib/gcc/avr/4.3.3/avr5\libgcc.a(_sf_to_si.o)
 .debug_loc     0x00000654      0x13e c:/winavr-20100110/bin/../lib/gcc/avr/4.3.3/avr5\libgcc.a(_pack_sf.o)
 .debug_loc     0x00000792       0xac c:/winavr-20100110/bin/../lib/gcc/avr/4.3.3/avr5\libgcc.a(_unpack_sf.o)
 .debug_loc     0x0000083e       0x50 c:/winavr-20100110/bin/../lib/gcc/avr/4.3.3/avr5\libgcc.a(_fpcmp_parts_sf.o)

.debug_macinfo
 *(.debug_macinfo)
OUTPUT(test_machine_state.elf elf32-avr)
LOAD linker stubs

.debug_ranges   0x00000000       0x50
 .debug_ranges  0x00000000       0x50 c:/winavr-20100110/bin/../lib/gcc/avr/4.3.3/avr5\libgcc.a(_mul_sf.o)
